\BOOKMARK [0][-]{chapter.1}{\376\377\000I\000n\000t\000r\000o\000d\000u\000\347\000\343\000o}{}% 1
\BOOKMARK [1][-]{section.1.1}{\376\377\000P\000r\000o\000b\000l\000e\000m\000a\000t\000i\000z\000a\000\347\000\343\000o}{chapter.1}% 2
\BOOKMARK [1][-]{section.1.2}{\376\377\000S\000o\000l\000u\000\347\000\343\000o\000\040\000P\000r\000o\000p\000o\000s\000t\000a}{chapter.1}% 3
\BOOKMARK [2][-]{subsection.1.2.1}{\376\377\000D\000e\000l\000i\000m\000i\000t\000a\000\347\000\343\000o\000\040\000d\000o\000\040\000E\000s\000c\000o\000p\000o}{section.1.2}% 4
\BOOKMARK [2][-]{subsection.1.2.2}{\376\377\000J\000u\000s\000t\000i\000f\000i\000c\000a\000t\000i\000v\000a}{section.1.2}% 5
\BOOKMARK [1][-]{section.1.3}{\376\377\000O\000b\000j\000e\000t\000i\000v\000o\000s}{chapter.1}% 6
\BOOKMARK [2][-]{subsection.1.3.1}{\376\377\000O\000b\000j\000e\000t\000i\000v\000o\000\040\000G\000e\000r\000a\000l}{section.1.3}% 7
\BOOKMARK [2][-]{subsection.1.3.2}{\376\377\000O\000b\000j\000e\000t\000i\000v\000o\000s\000\040\000E\000s\000p\000e\000c\000\355\000f\000i\000c\000o\000s}{section.1.3}% 8
\BOOKMARK [0][-]{chapter.2}{\376\377\000R\000e\000f\000e\000r\000e\000n\000c\000i\000a\000l\000\040\000T\000e\000\363\000r\000i\000c\000o}{}% 9
\BOOKMARK [1][-]{section.2.1}{\376\377\000D\000i\000a\000b\000e\000t\000e\000s}{chapter.2}% 10
\BOOKMARK [1][-]{section.2.2}{\376\377\000M\000a\000c\000h\000i\000n\000e\000\040\000L\000e\000a\000r\000n\000i\000n\000g}{chapter.2}% 11
\BOOKMARK [2][-]{subsection.2.2.1}{\376\377\000A\000p\000r\000e\000n\000d\000i\000z\000a\000d\000o\000\040\000S\000u\000p\000e\000r\000v\000i\000s\000i\000o\000n\000a\000d\000o}{section.2.2}% 12
\BOOKMARK [2][-]{subsection.2.2.2}{\376\377\000A\000p\000r\000e\000n\000d\000i\000z\000a\000d\000o\000\040\000N\000\343\000o\000\040\000S\000u\000p\000e\000r\000v\000i\000s\000i\000o\000n\000a\000d\000o}{section.2.2}% 13
\BOOKMARK [2][-]{subsection.2.2.3}{\376\377\000A\000p\000r\000e\000n\000d\000i\000z\000a\000d\000o\000\040\000S\000e\000m\000i\000-\000S\000u\000p\000e\000r\000v\000i\000s\000i\000o\000n\000a\000d\000o}{section.2.2}% 14
\BOOKMARK [2][-]{subsection.2.2.4}{\376\377\000A\000p\000r\000e\000n\000d\000i\000z\000a\000d\000o\000\040\000p\000o\000r\000\040\000R\000e\000f\000o\000r\000\347\000o}{section.2.2}% 15
\BOOKMARK [1][-]{section.2.3}{\376\377\000M\000a\000c\000h\000i\000n\000e\000\040\000L\000e\000a\000r\000n\000i\000n\000g\000\040\000a\000p\000l\000i\000c\000a\000d\000o\000\040\000\340\000\040\000S\000a\000\372\000d\000e}{chapter.2}% 16
\BOOKMARK [2][-]{subsection.2.3.1}{\376\377\000C\000l\000a\000s\000s\000i\000f\000i\000c\000a\000\347\000\343\000o\000\040\000e\000\040\000D\000i\000a\000g\000n\000\363\000s\000t\000i\000c\000o\000\040\000d\000e\000\040\000D\000o\000e\000n\000\347\000a\000s}{section.2.3}% 17
\BOOKMARK [2][-]{subsection.2.3.2}{\376\377\000S\000u\000p\000o\000r\000t\000e\000\040\000\340\000\040\000D\000e\000c\000i\000s\000\343\000o\000\040\000C\000l\000\355\000n\000i\000c\000a}{section.2.3}% 18
\BOOKMARK [2][-]{subsection.2.3.3}{\376\377\000M\000e\000d\000i\000c\000i\000n\000a\000\040\000P\000e\000r\000s\000o\000n\000a\000l\000i\000z\000a\000d\000a}{section.2.3}% 19
\BOOKMARK [2][-]{subsection.2.3.4}{\376\377\000M\000o\000n\000i\000t\000o\000r\000a\000m\000e\000n\000t\000o\000\040\000d\000e\000\040\000P\000a\000c\000i\000e\000n\000t\000e\000s\000\040\000e\000\040\000S\000a\000\372\000d\000e\000\040\000P\000r\000e\000v\000e\000n\000t\000i\000v\000a}{section.2.3}% 20
\BOOKMARK [1][-]{section.2.4}{\376\377\000R\000e\000d\000e\000s\000\040\000N\000e\000u\000r\000a\000i\000s\000\040\000A\000r\000t\000i\000f\000i\000c\000i\000a\000i\000s}{chapter.2}% 21
\BOOKMARK [2][-]{subsection.2.4.1}{\376\377\000Z\000-\000S\000c\000o\000r\000e}{section.2.4}% 22
\BOOKMARK [2][-]{subsection.2.4.2}{\376\377\000S\000m\000o\000t\000e}{section.2.4}% 23
\BOOKMARK [2][-]{subsection.2.4.3}{\376\377\000F\000u\000n\000\347\000\365\000e\000s\000\040\000D\000e\000\040\000A\000t\000i\000v\000a\000\347\000\343\000o}{section.2.4}% 24
\BOOKMARK [3][-]{subsubsection.2.4.3.1}{\376\377\000F\000u\000n\000\347\000\343\000o\000\040\000S\000i\000g\000m\000\363\000i\000d\000e}{subsection.2.4.3}% 25
\BOOKMARK [3][-]{subsubsection.2.4.3.2}{\376\377\000F\000u\000n\000\347\000\343\000o\000\040\000T\000a\000n\000g\000e\000n\000t\000e\000\040\000H\000i\000p\000e\000r\000b\000\363\000l\000i\000c\000a\000\040\000\050\000T\000a\000n\000h\000\051}{subsection.2.4.3}% 26
\BOOKMARK [3][-]{subsubsection.2.4.3.3}{\376\377\000F\000u\000n\000\347\000\343\000o\000\040\000R\000e\000L\000U\000\040\000\050\000R\000e\000c\000t\000i\000f\000i\000e\000d\000\040\000L\000i\000n\000e\000a\000r\000\040\000U\000n\000i\000t\000\051}{subsection.2.4.3}% 27
\BOOKMARK [3][-]{subsubsection.2.4.3.4}{\376\377\000Q\000u\000a\000l\000\040\000F\000u\000n\000\347\000\343\000o\000\040\000D\000e\000\040\000A\000t\000i\000v\000a\000\347\000\343\000o\000\040\000U\000t\000i\000l\000i\000z\000a\000r}{subsection.2.4.3}% 28
\BOOKMARK [1][-]{section.2.5}{\376\377\000I\000D\000E\000:\000\040\000P\000y\000C\000h\000a\000r\000m}{chapter.2}% 29
\BOOKMARK [1][-]{section.2.6}{\376\377\000P\000y\000t\000h\000o\000n\000\040\000e\000\040\000B\000i\000b\000l\000i\000o\000t\000e\000c\000a\000s\000\040\000p\000a\000r\000a\000\040\000M\000a\000c\000h\000i\000n\000e\000\040\000L\000e\000a\000r\000n\000i\000n\000g}{chapter.2}% 30
\BOOKMARK [2][-]{subsection.2.6.1}{\376\377\000P\000a\000n\000d\000a\000s}{section.2.6}% 31
\BOOKMARK [2][-]{subsection.2.6.2}{\376\377\000N\000u\000m\000P\000y}{section.2.6}% 32
\BOOKMARK [2][-]{subsection.2.6.3}{\376\377\000M\000a\000t\000p\000l\000o\000t\000l\000i\000b\000\040\000e\000\040\000S\000e\000a\000b\000o\000r\000n}{section.2.6}% 33
\BOOKMARK [2][-]{subsection.2.6.4}{\376\377\000S\000c\000i\000k\000i\000t\000\040\000L\000e\000a\000r\000n}{section.2.6}% 34
\BOOKMARK [1][-]{section.2.7}{\376\377\000T\000e\000n\000s\000o\000r\000\040\000F\000l\000o\000w\000\040\000e\000\040\000K\000e\000r\000a\000s}{chapter.2}% 35
\BOOKMARK [1][-]{section.2.8}{\376\377\000L\000i\000m\000i\000t\000a\000\347\000\365\000e\000s\000\040\000e\000\040\000\311\000t\000i\000c\000a}{chapter.2}% 36
\BOOKMARK [0][-]{chapter.3}{\376\377\000T\000r\000a\000b\000a\000l\000h\000o\000s\000\040\000c\000o\000r\000r\000e\000l\000a\000t\000o\000s}{}% 37
\BOOKMARK [1][-]{section.3.1}{\376\377\000U\000m\000a\000\040\000a\000b\000o\000r\000d\000a\000g\000e\000m\000\040\000b\000a\000s\000e\000a\000d\000a\000\040\000e\000m\000\040\000r\000e\000d\000e\000s\000\040\000n\000e\000u\000r\000a\000i\000s\000\040\000a\000r\000t\000i\000f\000i\000c\000i\000a\000i\000s\000\040\000p\000a\000r\000a\000\040\000d\000i\000a\000g\000n\000\363\000s\000t\000i\000c\000o\000\040\000d\000e\000\040\000d\000i\000a\000b\000e\000t\000e\000s}{chapter.3}% 38
\BOOKMARK [1][-]{section.3.2}{\376\377\000T\000e\000c\000n\000o\000l\000o\000g\000i\000a\000\040\000a\000p\000l\000i\000c\000a\000d\000a\000\040\000\340\000\040\000s\000a\000\372\000d\000e\000:\000\040\000u\000s\000o\000\040\000d\000e\000\040\000i\000n\000t\000e\000l\000i\000g\000\352\000n\000c\000i\000a\000\040\000a\000r\000t\000i\000f\000i\000c\000i\000a\000l\000\040\000n\000a\000\040\000p\000r\000e\000d\000i\000\347\000\343\000o\000\040\000d\000e\000\040\000d\000i\000a\000b\000e\000t\000e\000s}{chapter.3}% 39
\BOOKMARK [1][-]{section.3.3}{\376\377\000S\000i\000s\000t\000e\000m\000a\000\040\000I\000n\000t\000e\000l\000i\000g\000e\000n\000t\000e\000\040\000p\000a\000r\000a\000\040\000A\000p\000o\000i\000o\000\040\000a\000o\000\040\000D\000i\000a\000g\000n\000\363\000s\000t\000i\000c\000o\000\040\000d\000e\000\040\000D\000i\000a\000b\000e\000t\000e\000s\000\040\000E\000m\000p\000r\000e\000g\000a\000n\000d\000o\000\040\000R\000e\000d\000e\000s\000\040\000N\000e\000u\000r\000a\000i\000s}{chapter.3}% 40
\BOOKMARK [1][-]{section.3.4}{\376\377\000D\000i\000a\000b\000e\000t\000e\000s\000\040\000P\000r\000e\000d\000i\000c\000t\000i\000o\000n\000:\000\040\000A\000\040\000D\000e\000e\000p\000\040\000L\000e\000a\000r\000n\000i\000n\000g\000\040\000A\000p\000p\000r\000o\000a\000c\000h}{chapter.3}% 41
\BOOKMARK [0][-]{chapter.4}{\376\377\000D\000e\000s\000e\000n\000v\000o\000l\000v\000i\000m\000e\000n\000t\000o}{}% 42
\BOOKMARK [1][-]{section.4.1}{\376\377\000D\000a\000d\000o\000s}{chapter.4}% 43
\BOOKMARK [2][-]{subsection.4.1.1}{\376\377\000N\000o\000r\000m\000a\000l\000i\000z\000a\000\347\000\343\000o\000\040\000d\000o\000s\000\040\000D\000a\000d\000o\000s}{section.4.1}% 44
\BOOKMARK [2][-]{subsection.4.1.2}{\376\377\000D\000i\000v\000i\000s\000\343\000o\000\040\000d\000o\000s\000\040\000D\000a\000d\000o\000s\000\040\000D\000e\000\040\000T\000r\000e\000i\000n\000a\000m\000e\000n\000t\000o\000\040\000e\000\040\000T\000e\000s\000t\000e}{section.4.1}% 45
\BOOKMARK [1][-]{section.4.2}{\376\377\000M\000\351\000t\000r\000i\000c\000a\000s\000\040\000D\000e\000\040\000D\000e\000t\000e\000c\000\347\000\343\000o\000\040\000d\000e\000\040\000Q\000u\000a\000l\000i\000d\000a\000d\000e}{chapter.4}% 46
\BOOKMARK [2][-]{subsection.4.2.1}{\376\377\000M\000a\000t\000r\000i\000z\000\040\000D\000e\000\040\000C\000o\000n\000f\000u\000s\000\343\000o}{section.4.2}% 47
\BOOKMARK [2][-]{subsection.4.2.2}{\376\377\000A\000c\000u\000r\000\341\000c\000i\000a}{section.4.2}% 48
\BOOKMARK [2][-]{subsection.4.2.3}{\376\377\000L\000o\000s\000s}{section.4.2}% 49
\BOOKMARK [2][-]{subsection.4.2.4}{\376\377\000P\000r\000e\000c\000i\000s\000\343\000o}{section.4.2}% 50
\BOOKMARK [2][-]{subsection.4.2.5}{\376\377\000R\000e\000c\000a\000l\000l}{section.4.2}% 51
\BOOKMARK [2][-]{subsection.4.2.6}{\376\377\000F\0001\000\040\000S\000c\000o\000r\000e}{section.4.2}% 52
\BOOKMARK [1][-]{section.4.3}{\376\377\000C\000o\000n\000s\000t\000r\000u\000\347\000\343\000o\000\040\000D\000o\000s\000\040\000M\000o\000d\000e\000l\000o\000s}{chapter.4}% 53
\BOOKMARK [2][-]{subsection.4.3.1}{\376\377\000O\000t\000i\000m\000i\000z\000a\000\347\000\343\000o\000\040\000B\000a\000y\000e\000s\000i\000a\000n\000a\000\040\000A\000p\000l\000i\000c\000a\000d\000a\000\040\000S\000e\000l\000e\000\347\000\343\000o\000\040\000d\000e\000\040\000H\000i\000p\000e\000r\000p\000a\000r\000\342\000m\000e\000t\000r\000o\000s}{section.4.3}% 54
\BOOKMARK [2][-]{subsection.4.3.2}{\376\377\000O\000s\000\040\000M\000o\000d\000e\000l\000o\000s\000\040\000E\000s\000c\000o\000l\000h\000i\000d\000o\000s}{section.4.3}% 55
\BOOKMARK [2][-]{subsection.4.3.3}{\376\377\000A\000v\000a\000l\000i\000a\000\347\000\343\000o\000\040\000d\000o\000s\000\040\000m\000o\000d\000e\000l\000o\000s}{section.4.3}% 56
\BOOKMARK [1][-]{section.4.4}{\376\377\000R\000e\000s\000u\000l\000t\000a\000d\000o\000s\000\040\000p\000r\000e\000l\000i\000m\000i\000n\000a\000r\000e\000s\000\040\000e\000\040\000D\000i\000s\000c\000u\000s\000s\000\343\000o}{chapter.4}% 57
\BOOKMARK [2][-]{subsection.4.4.1}{\376\377\000D\000e\000s\000e\000m\000p\000e\000n\000h\000o}{section.4.4}% 58
\BOOKMARK [2][-]{subsection.4.4.2}{\376\377\000T\000r\000e\000i\000n\000a\000m\000e\000n\000t\000o}{section.4.4}% 59
\BOOKMARK [0][-]{chapter.5}{\376\377\000C\000o\000n\000c\000l\000u\000s\000\343\000o}{}% 60
\BOOKMARK [0][-]{chapter*.27}{\376\377\000R\000e\000f\000e\000r\000\352\000n\000c\000i\000a\000s}{}% 61
\BOOKMARK [0][-]{chapter*.28}{\376\377\000A\000p\000\352\000n\000d\000i\000c\000e\000\040\0001\000\040\000-\000\040\000t\000r\000i\000a\000l\000s\000\040\000C\000N\000N}{}% 62
\BOOKMARK [0][-]{chapter*.30}{\376\377\000A\000p\000\352\000n\000d\000i\000c\000e\000\040\0002\000\040\000-\000\040\000t\000r\000i\000a\000l\000s\000\040\000M\000L\000P}{}% 63
